To honour the JVM settings for this build a single-use Daemon process will be forked. For more on this, please refer to https://docs.gradle.org/9.4.1/userguide/gradle_daemon.html#sec:disabling_the_daemon in the Gradle documentation.
Daemon will be stopped at the end of the build 
> Task :core:compileJava
> Task :core:processResources NO-SOURCE
> Task :core:classes
> Task :core:jar
> Task :desktop:compileJava
> Task :desktop:processResources NO-SOURCE
> Task :desktop:classes

> Task :desktop:run
WARNING: A restricted method in java.lang.System has been called
WARNING: java.lang.System::load has been called by com.badlogic.gdx.utils.SharedLibraryLoader in an unnamed module (file:/home/quantumcreeper/.gradle/caches/modules-2/files-2.1/com.badlogicgames.gdx/gdx-jnigen-loader/2.3.1/2d472f69243631fbcb3d4c3f93dd2e137a6cb084/gdx-jnigen-loader-2.3.1.jar)
WARNING: Use --enable-native-access=ALL-UNNAMED to avoid a warning for callers in this module
WARNING: Restricted methods will be blocked in a future release unless native access is enabled

WARNING: A terminally deprecated method in sun.misc.Unsafe has been called
WARNING: sun.misc.Unsafe::objectFieldOffset has been called by org.lwjgl.system.MemoryUtil (file:/home/quantumcreeper/.gradle/caches/modules-2/files-2.1/org.lwjgl/lwjgl/3.3.3/29589b5f87ed335a6c7e7ee6a5775f81f97ecb84/lwjgl-3.3.3.jar)
WARNING: Please consider reporting this to the maintainers of class org.lwjgl.system.MemoryUtil
WARNING: sun.misc.Unsafe::objectFieldOffset will be removed in a future release
[LWJGL] [ThreadLocalUtil] Unsupported JNI version detected, this may result in a crash. Please inform LWJGL developers.
[W][02:29:27.615066] pw.conf      | [          conf.c: 1204 pw_conf_load_conf_for_context()] setting config.name to client-rt.conf is deprecated, using client.conf
[FontManager] Loaded HD font: /usr/share/fonts/adwaita-mono-fonts/AdwaitaMono-Bold.ttf
[TrackData] Loading 0.m2
[TrackData] Loaded 0.m2: 142x190

[Incubating] Problems report is available at: file:///run/media/quantumcreeper/TVPG/Prenxy%20Packages/Cars%20J2ME%20Reloaded%20(Source%20Tree)/remaster/build/reports/problems/problems-report.html

Deprecated Gradle features were used in this build, making it incompatible with Gradle 10.

You can use '--warning-mode all' to show the individual deprecation warnings and determine if they come from your own scripts or plugins.

For more on this, please refer to https://docs.gradle.org/9.4.1/userguide/command_line_interface.html#sec:command_line_warnings in the Gradle documentation.

BUILD SUCCESSFUL in 34s
4 actionable tasks: 4 executed
Consider enabling configuration cache to speed up this build: https://docs.gradle.org/9.4.1/userguide/configuration_cache_enabling.html
